# Final Verification Wave - workspace-click-lua-dispatch-fallback
generated_at=2026-06-21T16:30:48+03:00

==== final-verdict-F1.md ====
# F1 Plan Compliance Audit

Verdict: APPROVE

## Must Have checks
- Preserve the existing UI click path: **Satisfied.** The delta diff for this plan contains no `ui/workspaces.rs` changes; it is limited to `hyprline-bar/src/infrastructure/hyprland_ipc.rs` (`/tmp/this-plan-delta.diff:4-8`).
- Make `HyprlandIpc::switch_workspace(id)` inspect the Hyprland socket response instead of write-and-ignore: **Satisfied.** The delta replaces the old write-and-ignore body with `self.send_request(&command)` and response-aware branching (`/tmp/this-plan-delta.diff:40-79`).
- Keep legacy behavior first: **Satisfied.** The delta still sends `dispatch workspace {id}` before any fallback (`/tmp/this-plan-delta.diff:45-46`).
- Treat `ok` (after trimming whitespace) as success and do not send fallback: **Satisfied.** The delta trims the legacy response and returns immediately on `ok` (`/tmp/this-plan-delta.diff:54-57`). The targeted test pass proves the single-command success path (`.omo/evidence/task-3-workspace-click-lua-dispatch-fallback.log:463-471`).
- Retry exactly once with `dispatch hl.dsp.focus({ workspace = <id> })` when the legacy response is a known Lua-dispatch command error: **Satisfied.** This plan’s delta adds `should_try_lua_workspace_fallback` with the required markers and performs a single fallback to `dispatch hl.dsp.focus({ workspace = {id} })` (`/tmp/this-plan-delta.diff:19-27`, `59-77`). Red-to-green evidence confirms the retry path was added by this plan (`.omo/evidence/task-1-workspace-click-lua-dispatch-fallback.log:3-12`, `.omo/evidence/task-3-workspace-click-lua-dispatch-fallback.log:463-469`). Live direct-socket QA also shows the expected legacy Lua error and fallback `ok` (`.omo/evidence/task-3-workspace-click-lua-dispatch-fallback.log:1908-1913`).
- Format the fallback workspace from the typed numeric `i32` id only; do not interpolate label text or user-controlled strings: **Satisfied.** The fallback command is formatted solely from `id` in `format!("dispatch hl.dsp.focus({{ workspace = {} }})", id)` (`/tmp/this-plan-delta.diff:63-64`).
- Do not retry on socket connection/write/read failures; log them and return: **Satisfied.** Both the legacy command path and fallback command path return immediately on `send_request` errors after logging with `eprintln!` (`/tmp/this-plan-delta.diff:46-52`, `64-71`). The transport-failure test passes and emits the expected failure log without panic (`.omo/evidence/task-3-workspace-click-lua-dispatch-fallback.log:467-471`).
- If both legacy and fallback command responses are not `ok`, log enough context for diagnosis and return without panic: **Satisfied.** The delta logs both command/response values on fallback failure (`/tmp/this-plan-delta.diff:74-79`), and the corresponding test passes (`.omo/evidence/task-3-workspace-click-lua-dispatch-fallback.log:465-466`).
- Add fake Unix socket tests for legacy success, Lua fallback sequence, double command failure/no panic, and transport failure/no panic: **Satisfied.** The delta adds the fake socket harness, environment guard, and four `workspace_switch_*` tests (`/tmp/this-plan-delta.diff:83-304`, `308-384`). Task 1 shows the expected red failures before the production fallback existed, and Task 2/3 show the tests passing after the implementation landed (`.omo/evidence/task-1-workspace-click-lua-dispatch-fallback.log:3-34`, `.omo/evidence/task-2-workspace-click-lua-dispatch-fallback.log:1-14`, `.omo/evidence/task-3-workspace-click-lua-dispatch-fallback.log:463-471`).
- Keep all existing workspace label parser tests passing: **Satisfied.** The label-parser work was already present in the baseline target diff; this plan’s delta only adds `workspace_switch_*` tests before the existing `workspace_bind_labels_*` block (`/tmp/this-plan-delta.diff:305-389`). Task 1 shows the existing `workspace_bind_labels_*` tests remained passing while only the new fallback tests were red, and Task 2 shows the full `workspace_` subset passed afterward (`.omo/evidence/task-1-workspace-click-lua-dispatch-fallback.log:14-22`, `.omo/evidence/task-2-workspace-click-lua-dispatch-fallback.log:1-2`, `10-14`).
- Capture live direct-socket QA showing the observed legacy command error and Lua fallback `ok` under the current Hyprland Lua config: **Satisfied.** The evidence log records `legacy_response=...dispatch in lua...syntax might need to be updated` and `fallback_response=ok` for the active workspace id (`.omo/evidence/task-3-workspace-click-lua-dispatch-fallback.log:1893-1914`).

## Must NOT Have checks
- Must not edit `/home/indiw33d/.config/hypr/hyprland.lua`: **Absent.** The delta diff is limited to the product Rust file; there is no config diff (`/tmp/this-plan-delta.diff:4-8`).
- Must not add `hyprctl`, `Command::new`, `std::process`, shelling out, or any runtime subprocess for workspace switching: **Absent.** The evidence logs report no forbidden runtime-path additions (`.omo/evidence/task-2-workspace-click-lua-dispatch-fallback.log:4`, `.omo/evidence/task-3-workspace-click-lua-dispatch-fallback.log:1892`).
- Must not add a D-Bus/zbus workspace switching path: **Absent.** The same forbidden-path grep covered `zbus|dbus` and found no matches (`.omo/evidence/task-2-workspace-click-lua-dispatch-fallback.log:4`, `.omo/evidence/task-3-workspace-click-lua-dispatch-fallback.log:1892`).
- Must not change workspace label parsing, README docs, CSS, tray, Bluetooth, notifications, brightness, settings, or unrelated UI layout: **Absent in this plan’s delta.** The baseline-vs-final delta shows the parser machinery was already present and this plan only added the fallback helper, `switch_workspace` change, and `workspace_switch_*` tests (`/tmp/this-plan-delta.diff:19-27`, `40-79`, `308-384`). The unrelated tracked diff comparison also produced no output, so README/CSS/other dirty files were unchanged by this plan.
- Must not rewrite the workspace click event controller in this plan unless the IPC fallback is implemented and evidence still proves click events do not reach `switch_workspace`: **Absent.** No event-controller or `ui/workspaces.rs` changes appear in the plan delta (`/tmp/this-plan-delta.diff:4-8`).
- Must not change the public `WorkspaceService` trait signature unless tests prove it is unavoidable: **Absent.** The delta changes only the implementation in `hyprland_ipc.rs`; no public trait signature change is present (`/tmp/this-plan-delta.diff:4-8`).
- Must not stage, commit, revert, or overwrite unrelated dirty-worktree changes: **Absent.** The required evidence logs show only test/build/direct-socket QA activity (`.omo/evidence/task-1-workspace-click-lua-dispatch-fallback.log:3-34`, `.omo/evidence/task-2-workspace-click-lua-dispatch-fallback.log:1-15`, `.omo/evidence/task-3-workspace-click-lua-dispatch-fallback.log:1892-1914`), and the unrelated tracked diff comparison was clean.

## Overall reasoning
Re-evaluated against the actual delta introduced by this plan, the earlier rejection basis does not hold. The baseline target diff already contained the workspace label parser changes from a prior plan; this plan’s own delta adds only the Lua-dispatch fallback helper, the response-aware `switch_workspace` implementation, and the new fake-socket `workspace_switch_*` tests.

That delta satisfies every Must Have: legacy-first behavior is preserved, fallback is triggered only on the known Lua-dispatch error signatures, transport and double-failure cases are logged without panic, the new tests went red before implementation and green afterward, existing label-parser tests stayed green, and live direct-socket QA shows legacy failure plus Lua fallback `ok`. It also satisfies every Must NOT Have when judged on this plan’s actual delta. The correct F1 compliance verdict is therefore APPROVE.

==== final-verdict-F2.md ====
# F2 Code Quality Review

Verdict: APPROVE

## Command results
- `cargo test -p hyprline-bar`: passed (`cargo test: 12 passed (1 suite, 0.34s)`).
- `cargo build -p hyprline-bar`: passed with warnings (`cargo build: 0 errors, 48 warnings (0 crates)`). The warnings are pre-existing and outside the reviewed fallback path in `hyprland_ipc.rs`.

## Review findings
- `switch_workspace` (`hyprline-bar/src/infrastructure/hyprland_ipc.rs:299-335`) does not panic in production code. Both the primary dispatch and fallback dispatch handle transport failure with `match`, log via `eprintln!`, and return cleanly.
- `should_try_lua_workspace_fallback` (`hyprline-bar/src/infrastructure/hyprland_ipc.rs:96-104`) uses the precise marker set required for fallback: `hl.dispatch`, `dispatch in lua`, and `syntax might need to be updated`.
- No subprocess path is present in the reviewed IPC file for this feature. A direct search of `hyprline-bar/src/infrastructure/hyprland_ipc.rs` found no `hyprctl`, `Command::new`, `std::process`, `zbus`, or `dbus` usage.
- No D-Bus path is introduced in the workspace switch logic. The implementation stays on the existing Unix socket IPC path via `send_request()`.
- No retry loop beyond the single allowed fallback is present. `switch_workspace` issues at most one primary request and, only on the precise Lua-dispatch markers, one fallback request to `dispatch hl.dsp.focus({ workspace = id })`.
- Complexity is appropriate for the change. The control flow is linear: primary request -> exact-success return -> exact-marker gate -> one fallback -> final error log on non-`ok` fallback. The helper keeps the trigger logic isolated and easy to audit.
- Targeted tests in the same file cover the expected behavior: primary success only, fallback on Lua-dispatch error, double failure without panic, and missing-socket transport failure without panic (`hyprland_ipc.rs:621-697`).

## Overall reasoning
The reviewed fallback implementation satisfies the F2 quality gates. The new production path does not panic, does not shell out, does not route through D-Bus, and does not introduce uncontrolled retries. The fallback trigger is intentionally narrow and matches the required Lua-dispatch error markers exactly, which reduces false-positive fallback attempts. The required verification commands both succeeded; the build warnings are real but appear unrelated to this fallback change and do not alter the reviewed verdict for this plan item.

==== final-verdict-F3.md ====
# F3 Real Manual QA

Verdict: APPROVE

## Live direct-socket evidence
- `.omo/evidence/task-3-workspace-click-lua-dispatch-fallback.log:1907-1913` shows `active_workspace_id=1`, then `legacy_command=dispatch workspace 1`.
- The same live QA section records the direct Lua-dispatch failure at `:1909` as `error: [string "return hl.dispatch(workspace 1)"]:1: ')' expected near '1'`, which is the expected raw-command syntax breakage.
- The fallback path is then exercised immediately: `fallback_command=dispatch hl.dsp.focus({ workspace = 1 })` at `:1912` and `fallback_response=ok` at `:1913`.

## Fake-socket click-dispatch proof
- `.omo/evidence/task-2-workspace-click-lua-dispatch-fallback.log:10-14` shows the fallback was restored and the final workspace test subset passed green (`cargo test: 12 passed`).
- The task-2 summary is a rerun after the task-1 red phase, where `.omo/evidence/task-1-workspace-click-lua-dispatch-fallback.log:9-11` explicitly recorded the missing second click-dispatch command before the fix: only `dispatch workspace 7` was observed and the expected fallback `dispatch hl.dsp.focus({ workspace = 7 })` was absent.
- The resulting implementation diff in `.omo/evidence/final-target-diff-workspace-click-lua-dispatch-fallback.diff:517-536` ties that green rerun to the fake-socket assertion for the exact command sequence: first `dispatch workspace 7`, then `dispatch hl.dsp.focus({ workspace = 7 })`.

## GUI automation attempt (if any)
- Tool checked: `ydotool`, `wtype`, `xdotool`, Python `pyautogui`, Python `pynput`.
- Result: unavailable in this executor environment (`ydotool=False`, `wtype=False`, `xdotool=False`, `pyautogui=False`, `pynput=False`), so no real bar click could be performed here.

## Overall reasoning
The user-facing fallback is approved because the closest real surface available in this environment shows the exact failure mode and the exact recovery path on a live Hyprland socket: raw `dispatch workspace <id>` fails with a Lua syntax error, while `dispatch hl.dsp.focus({ workspace = <id> })` succeeds with `ok`. The fake-socket proof is also sufficient: task-1 captured the red failure where the second dispatch was missing, task-2 captured the restored green rerun, and the final diff shows the fake-socket tests assert the full click-dispatch sequence. GUI click automation was not available, and that limitation is explicitly noted rather than guessed around.

==== final-verdict-F4.md ====
# F4 Scope Fidelity

Verdict: APPROVE

## Command results
- `git status --short`:
  ```text
   M Cargo.lock
   M README.md
   M hyprline-bar/Cargo.toml
   M hyprline-bar/src/config/bar_config.rs
   M hyprline-bar/src/config/mod.rs
   M hyprline-bar/src/config/widget_config.rs
   M hyprline-bar/src/domain/mod.rs
   M hyprline-bar/src/domain/models.rs
   M hyprline-bar/src/infrastructure/dbus_status_notifier_watcher.rs
   M hyprline-bar/src/infrastructure/hyprland_ipc.rs
   M hyprline-bar/src/infrastructure/lumen_brightness.rs
   M hyprline-bar/src/infrastructure/mod.rs
   M hyprline-bar/src/infrastructure/pipewire_volume.rs
   M hyprline-bar/src/main.rs
   M hyprline-bar/src/shared_state.rs
   M hyprline-bar/src/styles.css
   M hyprline-bar/src/ui/bar.rs
   M hyprline-bar/src/ui/mod.rs
   M hyprline-bar/src/ui/settings.rs
   M hyprline-notifications/Cargo.toml
   M hyprline-notifications/src/dbus_service.rs
  ?? .omo/
  ?? hyprline-bar/src/domain/bluetooth_service.rs
  ?? hyprline-bar/src/infrastructure/bluez_bluetooth.rs
  ?? hyprline-bar/src/ui/bluetooth.rs
  ```
- `git diff --stat`:
  ```text
   Cargo.lock                                         | 570 ++++---------------
   README.md                                          |  49 +-
   hyprline-bar/Cargo.toml                            |   4 +-
   hyprline-bar/src/config/bar_config.rs              |  12 +-
   hyprline-bar/src/config/mod.rs                     |  41 --
   hyprline-bar/src/config/widget_config.rs           | 245 ++++++--
   hyprline-bar/src/domain/mod.rs                     |  20 +-
   hyprline-bar/src/domain/models.rs                  |  62 +-
   .../infrastructure/dbus_status_notifier_watcher.rs |  53 +-
   hyprline-bar/src/infrastructure/hyprland_ipc.rs    | 631 ++++++++++++++++++++-
   .../src/infrastructure/lumen_brightness.rs         |  72 ++-
   hyprline-bar/src/infrastructure/mod.rs             |  23 +-
   hyprline-bar/src/infrastructure/pipewire_volume.rs |  28 +-
   hyprline-bar/src/main.rs                           | 267 +++++----
   hyprline-bar/src/shared_state.rs                   |  93 ++-
   hyprline-bar/src/styles.css                        | 235 ++++++--
   hyprline-bar/src/ui/bar.rs                         |  99 +++-
   hyprline-bar/src/ui/mod.rs                         |  20 +-
   hyprline-bar/src/ui/settings.rs                    | 167 +++---
   hyprline-notifications/Cargo.toml                  |   3 +-
   hyprline-notifications/src/dbus_service.rs         |  31 +-
   21 files changed, 1781 insertions(+), 944 deletions(-)
  ```
- `diff -u baseline... final...`:
  ```text
  $ diff -u .omo/evidence/baseline-unrelated-tracked-workspace-click-lua-dispatch-fallback.diff .omo/evidence/final-unrelated-tracked-workspace-click-lua-dispatch-fallback.diff
  (no output)
  ```
- `git diff --cached --name-only`:
  ```text
  (no output)
  ```

## Scoped diff summary
- I computed the plan delta with:
  ```text
  diff -u .omo/evidence/baseline-target-diff-workspace-click-lua-dispatch-fallback.diff .omo/evidence/final-target-diff-workspace-click-lua-dispatch-fallback.diff > /tmp/this-plan-delta.diff
  ```
- That delta shows the baseline already contained the pre-existing `hyprland_ipc.rs` workspace-label parsing changes (`get_workspace_key_labels`, `parse_workspace_bind_labels`, `HyprlandBind`, label tests, and related imports/types). Those are not part of this plan's delta.
- The only new product-file changes introduced by this plan are:
  - `should_try_lua_workspace_fallback(response: &str)` helper for the known Lua-dispatch error markers.
  - `switch_workspace(&self, id: i32)` changed from write-and-ignore to response-aware legacy-first dispatch with exactly one Lua fallback command: `dispatch hl.dsp.focus({ workspace = <id> })`.
  - Related fake-socket test support and the `workspace_switch_*` tests:
    - `workspace_switch_legacy_success_sends_workspace_dispatch_once`
    - `workspace_switch_lua_dispatch_error_tries_lua_fallback_after_workspace_dispatch`
    - `workspace_switch_lua_dispatch_error_and_failed_fallback_do_not_panic`
    - `workspace_switch_missing_socket_does_not_panic`
- No new delta was introduced in excluded tracked files between baseline and final: the unrelated tracked diff comparison is byte-identical.
- No staged files are present.

## Overall reasoning
F4 should be judged against what this plan changed relative to its captured baseline, not against the full dirty worktree. On that basis, this plan passes.

The worktree still contains many pre-existing dirty changes in files like `README.md`, `hyprline-bar/src/styles.css`, and others, but the required unrelated tracked diff comparison shows those changes did not change between baseline and final for this plan. They are therefore not part of this plan's delta.

Within `hyprline-bar/src/infrastructure/hyprland_ipc.rs`, the baseline-to-final delta is limited to the intended `switch_workspace` Lua-dispatch fallback behavior and the directly related fake-socket `workspace_switch_*` tests/helpers needed to verify that behavior. There are no staged files, and no unrelated tracked-file delta was introduced by this plan. Therefore the F4 scope-fidelity check is APPROVE.

